2025-10-27T12:00:17.105+09:00  INFO 7392 --- [ex25-branch] [restartedMain] c.e.ex25_branch.Ex25BranchApplication    : Starting Ex25BranchApplication using Java 21.0.8 with PID 7392 (D:\s09_springBoot\day11_1027\ex25-branch\bin\main started by YONSAI in D:\s09_springBoot\day11_1027\ex25-branch)
2025-10-27T12:00:17.107+09:00  INFO 7392 --- [ex25-branch] [restartedMain] c.e.ex25_branch.Ex25BranchApplication    : No active profile set, falling back to 1 default profile: "default"
2025-10-27T12:00:17.130+09:00  INFO 7392 --- [ex25-branch] [restartedMain] .e.DevToolsPropertyDefaultsPostProcessor : Devtools property defaults active! Set 'spring.devtools.add-properties' to 'false' to disable
2025-10-27T12:00:17.130+09:00  INFO 7392 --- [ex25-branch] [restartedMain] .e.DevToolsPropertyDefaultsPostProcessor : For additional web related logging consider setting the 'logging.level.web' property to 'DEBUG'
2025-10-27T12:00:17.745+09:00  INFO 7392 --- [ex25-branch] [restartedMain] o.s.b.w.embedded.tomcat.TomcatWebServer  : Tomcat initialized with port 8082 (http)
2025-10-27T12:00:17.753+09:00  INFO 7392 --- [ex25-branch] [restartedMain] o.apache.catalina.core.StandardService   : Starting service [Tomcat]
2025-10-27T12:00:17.754+09:00  INFO 7392 --- [ex25-branch] [restartedMain] o.apache.catalina.core.StandardEngine    : Starting Servlet engine: [Apache Tomcat/10.1.46]
2025-10-27T12:00:17.780+09:00  INFO 7392 --- [ex25-branch] [restartedMain] o.a.c.c.C.[Tomcat].[localhost].[/]       : Initializing Spring embedded WebApplicationContext
2025-10-27T12:00:17.781+09:00  INFO 7392 --- [ex25-branch] [restartedMain] w.s.c.ServletWebServerApplicationContext : Root WebApplicationContext: initialization completed in 650 ms
2025-10-27T12:00:18.178+09:00  INFO 7392 --- [ex25-branch] [restartedMain] o.s.b.d.a.OptionalLiveReloadServer       : LiveReload server is running on port 35729
2025-10-27T12:00:18.200+09:00  INFO 7392 --- [ex25-branch] [restartedMain] o.s.b.w.embedded.tomcat.TomcatWebServer  : Tomcat started on port 8082 (http) with context path '/'
2025-10-27T12:00:18.205+09:00  INFO 7392 --- [ex25-branch] [restartedMain] c.e.ex25_branch.Ex25BranchApplication    : Started Ex25BranchApplication in 1.351 seconds (process running for 1.756)
2025-10-27T12:00:19.750+09:00  INFO 7392 --- [ex25-branch] [http-nio-8082-exec-1] o.a.c.c.C.[Tomcat].[localhost].[/]       : Initializing Spring DispatcherServlet 'dispatcherServlet'
2025-10-27T12:00:19.750+09:00  INFO 7392 --- [ex25-branch] [http-nio-8082-exec-1] o.s.web.servlet.DispatcherServlet        : Initializing Servlet 'dispatcherServlet'
2025-10-27T12:00:19.751+09:00  INFO 7392 --- [ex25-branch] [http-nio-8082-exec-1] o.s.web.servlet.DispatcherServlet        : Completed initialization in 1 ms
2025-10-27T12:00:28.594+09:00  INFO 7392 --- [ex25-branch] [http-nio-8082-exec-3] com.zaxxer.hikari.HikariDataSource       : HikariPool-1 - Starting...
2025-10-27T12:00:28.647+09:00  INFO 7392 --- [ex25-branch] [http-nio-8082-exec-3] com.zaxxer.hikari.pool.HikariPool        : HikariPool-1 - Added connection org.mariadb.jdbc.Connection@1ae22926
2025-10-27T12:00:28.648+09:00  INFO 7392 --- [ex25-branch] [http-nio-8082-exec-3] com.zaxxer.hikari.HikariDataSource       : HikariPool-1 - Start completed.
2025-10-27T12:00:28.662+09:00 DEBUG 7392 --- [ex25-branch] [http-nio-8082-exec-3] c.e.e.mapper.StudentMapper.findAll       : ==>  Preparing: select * from student
2025-10-27T12:00:28.673+09:00 DEBUG 7392 --- [ex25-branch] [http-nio-8082-exec-3] c.e.e.mapper.StudentMapper.findAll       : ==> Parameters: 
2025-10-27T12:00:28.685+09:00 DEBUG 7392 --- [ex25-branch] [http-nio-8082-exec-3] c.e.e.mapper.StudentMapper.findAll       : <==      Total: 6
2025-10-27T12:00:32.849+09:00 DEBUG 7392 --- [ex25-branch] [http-nio-8082-exec-4] c.e.e.mapper.StudentMapper.findAll       : ==>  Preparing: select * from student
2025-10-27T12:00:32.849+09:00 DEBUG 7392 --- [ex25-branch] [http-nio-8082-exec-4] c.e.e.mapper.StudentMapper.findAll       : ==> Parameters: 
2025-10-27T12:00:32.850+09:00 DEBUG 7392 --- [ex25-branch] [http-nio-8082-exec-4] c.e.e.mapper.StudentMapper.findAll       : <==      Total: 6
2025-10-27T12:00:41.970+09:00 DEBUG 7392 --- [ex25-branch] [http-nio-8082-exec-6] c.e.e.mapper.StudentMapper.insert        : ==>  Preparing: insert into student(name, email, age) values(?, ?, ?)
2025-10-27T12:00:41.972+09:00 DEBUG 7392 --- [ex25-branch] [http-nio-8082-exec-6] c.e.e.mapper.StudentMapper.insert        : ==> Parameters: 테스트(String), test@example.com(String), 22(Integer)
2025-10-27T12:00:41.973+09:00 DEBUG 7392 --- [ex25-branch] [http-nio-8082-exec-6] c.e.e.mapper.StudentMapper.insert        : <==    Updates: 1
2025-10-27T12:00:41.979+09:00 DEBUG 7392 --- [ex25-branch] [http-nio-8082-exec-7] c.e.e.mapper.StudentMapper.findAll       : ==>  Preparing: select * from student
2025-10-27T12:00:41.979+09:00 DEBUG 7392 --- [ex25-branch] [http-nio-8082-exec-7] c.e.e.mapper.StudentMapper.findAll       : ==> Parameters: 
2025-10-27T12:00:41.980+09:00 DEBUG 7392 --- [ex25-branch] [http-nio-8082-exec-7] c.e.e.mapper.StudentMapper.findAll       : <==      Total: 7
2025-10-27T12:00:47.546+09:00 DEBUG 7392 --- [ex25-branch] [http-nio-8082-exec-8] c.e.e.mapper.StudentMapper.findById      : ==>  Preparing: select * from student where id = ?
2025-10-27T12:00:47.547+09:00 DEBUG 7392 --- [ex25-branch] [http-nio-8082-exec-8] c.e.e.mapper.StudentMapper.findById      : ==> Parameters: 1(Long)
2025-10-27T12:00:47.548+09:00 DEBUG 7392 --- [ex25-branch] [http-nio-8082-exec-8] c.e.e.mapper.StudentMapper.findById      : <==      Total: 1
2025-10-27T12:09:12.021+09:00  INFO 7392 --- [ex25-branch] [File Watcher] rtingClassPathChangeChangedEventListener : Restarting due to 6 class path changes (0 additions, 0 deletions, 6 modifications)
2025-10-27T12:09:12.023+09:00  INFO 7392 --- [ex25-branch] [Thread-5] o.s.b.w.e.tomcat.GracefulShutdown        : Commencing graceful shutdown. Waiting for active requests to complete
2025-10-27T12:09:12.025+09:00  INFO 7392 --- [ex25-branch] [tomcat-shutdown] o.s.b.w.e.tomcat.GracefulShutdown        : Graceful shutdown complete
2025-10-27T12:09:12.029+09:00  INFO 7392 --- [ex25-branch] [Thread-5] com.zaxxer.hikari.HikariDataSource       : HikariPool-1 - Shutdown initiated...
2025-10-27T12:09:12.031+09:00  INFO 7392 --- [ex25-branch] [Thread-5] com.zaxxer.hikari.HikariDataSource       : HikariPool-1 - Shutdown completed.
2025-10-27T12:09:12.108+09:00  INFO 7392 --- [ex25-branch] [restartedMain] c.e.ex25_branch.Ex25BranchApplication    : Starting Ex25BranchApplication using Java 21.0.8 with PID 7392 (D:\s09_springBoot\day11_1027\ex25-branch\bin\main started by YONSAI in D:\s09_springBoot\day11_1027\ex25-branch)
2025-10-27T12:09:12.108+09:00  INFO 7392 --- [ex25-branch] [restartedMain] c.e.ex25_branch.Ex25BranchApplication    : No active profile set, falling back to 1 default profile: "default"
2025-10-27T12:09:12.251+09:00  INFO 7392 --- [ex25-branch] [restartedMain] o.s.b.w.embedded.tomcat.TomcatWebServer  : Tomcat initialized with port 8082 (http)
2025-10-27T12:09:12.252+09:00  INFO 7392 --- [ex25-branch] [restartedMain] o.apache.catalina.core.StandardService   : Starting service [Tomcat]
2025-10-27T12:09:12.252+09:00  INFO 7392 --- [ex25-branch] [restartedMain] o.apache.catalina.core.StandardEngine    : Starting Servlet engine: [Apache Tomcat/10.1.46]
2025-10-27T12:09:12.262+09:00  INFO 7392 --- [ex25-branch] [restartedMain] o.a.c.c.C.[Tomcat].[localhost].[/]       : Initializing Spring embedded WebApplicationContext
2025-10-27T12:09:12.262+09:00  INFO 7392 --- [ex25-branch] [restartedMain] w.s.c.ServletWebServerApplicationContext : Root WebApplicationContext: initialization completed in 152 ms
2025-10-27T12:09:12.362+09:00  INFO 7392 --- [ex25-branch] [restartedMain] o.s.b.d.a.OptionalLiveReloadServer       : LiveReload server is running on port 35729
2025-10-27T12:09:12.368+09:00  INFO 7392 --- [ex25-branch] [restartedMain] o.s.b.w.embedded.tomcat.TomcatWebServer  : Tomcat started on port 8082 (http) with context path '/'
2025-10-27T12:09:12.370+09:00  INFO 7392 --- [ex25-branch] [restartedMain] c.e.ex25_branch.Ex25BranchApplication    : Started Ex25BranchApplication in 0.282 seconds (process running for 535.921)
2025-10-27T12:09:12.372+09:00  INFO 7392 --- [ex25-branch] [restartedMain] .ConditionEvaluationDeltaLoggingListener : Condition evaluation unchanged
2025-10-27T12:10:29.978+09:00  INFO 7392 --- [ex25-branch] [File Watcher] rtingClassPathChangeChangedEventListener : Restarting due to 6 class path changes (0 additions, 0 deletions, 6 modifications)
2025-10-27T12:10:29.978+09:00  INFO 7392 --- [ex25-branch] [Thread-7] o.s.b.w.e.tomcat.GracefulShutdown        : Commencing graceful shutdown. Waiting for active requests to complete
2025-10-27T12:10:29.980+09:00  INFO 7392 --- [ex25-branch] [tomcat-shutdown] o.s.b.w.e.tomcat.GracefulShutdown        : Graceful shutdown complete
2025-10-27T12:10:30.055+09:00  INFO 7392 --- [ex25-branch] [restartedMain] c.e.ex25_branch.Ex25BranchApplication    : Starting Ex25BranchApplication using Java 21.0.8 with PID 7392 (D:\s09_springBoot\day11_1027\ex25-branch\bin\main started by YONSAI in D:\s09_springBoot\day11_1027\ex25-branch)
2025-10-27T12:10:30.056+09:00  INFO 7392 --- [ex25-branch] [restartedMain] c.e.ex25_branch.Ex25BranchApplication    : No active profile set, falling back to 1 default profile: "default"
2025-10-27T12:10:30.180+09:00  INFO 7392 --- [ex25-branch] [restartedMain] o.s.b.w.embedded.tomcat.TomcatWebServer  : Tomcat initialized with port 8082 (http)
2025-10-27T12:10:30.180+09:00  INFO 7392 --- [ex25-branch] [restartedMain] o.apache.catalina.core.StandardService   : Starting service [Tomcat]
2025-10-27T12:10:30.180+09:00  INFO 7392 --- [ex25-branch] [restartedMain] o.apache.catalina.core.StandardEngine    : Starting Servlet engine: [Apache Tomcat/10.1.46]
2025-10-27T12:10:30.189+09:00  INFO 7392 --- [ex25-branch] [restartedMain] o.a.c.c.C.[Tomcat].[localhost].[/]       : Initializing Spring embedded WebApplicationContext
2025-10-27T12:10:30.189+09:00  INFO 7392 --- [ex25-branch] [restartedMain] w.s.c.ServletWebServerApplicationContext : Root WebApplicationContext: initialization completed in 132 ms
2025-10-27T12:10:30.258+09:00  INFO 7392 --- [ex25-branch] [restartedMain] o.s.b.d.a.OptionalLiveReloadServer       : LiveReload server is running on port 35729
2025-10-27T12:10:30.264+09:00  INFO 7392 --- [ex25-branch] [restartedMain] o.s.b.w.embedded.tomcat.TomcatWebServer  : Tomcat started on port 8082 (http) with context path '/'
2025-10-27T12:10:30.266+09:00  INFO 7392 --- [ex25-branch] [restartedMain] c.e.ex25_branch.Ex25BranchApplication    : Started Ex25BranchApplication in 0.228 seconds (process running for 613.817)
2025-10-27T12:10:30.267+09:00  INFO 7392 --- [ex25-branch] [restartedMain] .ConditionEvaluationDeltaLoggingListener : Condition evaluation unchanged
2025-10-27T12:21:07.874+09:00  INFO 7392 --- [ex25-branch] [File Watcher] rtingClassPathChangeChangedEventListener : Restarting due to 1 class path change (0 additions, 0 deletions, 1 modification)
2025-10-27T12:21:07.874+09:00  INFO 7392 --- [ex25-branch] [Thread-11] o.s.b.w.e.tomcat.GracefulShutdown        : Commencing graceful shutdown. Waiting for active requests to complete
2025-10-27T12:21:07.876+09:00  INFO 7392 --- [ex25-branch] [tomcat-shutdown] o.s.b.w.e.tomcat.GracefulShutdown        : Graceful shutdown complete
2025-10-27T12:21:07.940+09:00  INFO 7392 --- [ex25-branch] [restartedMain] c.e.ex25_branch.Ex25BranchApplication    : Starting Ex25BranchApplication using Java 21.0.8 with PID 7392 (D:\s09_springBoot\day11_1027\ex25-branch\bin\main started by YONSAI in D:\s09_springBoot\day11_1027\ex25-branch)
2025-10-27T12:21:07.940+09:00  INFO 7392 --- [ex25-branch] [restartedMain] c.e.ex25_branch.Ex25BranchApplication    : No active profile set, falling back to 1 default profile: "default"
2025-10-27T12:21:08.061+09:00  INFO 7392 --- [ex25-branch] [restartedMain] o.s.b.w.embedded.tomcat.TomcatWebServer  : Tomcat initialized with port 8082 (http)
2025-10-27T12:21:08.063+09:00  INFO 7392 --- [ex25-branch] [restartedMain] o.apache.catalina.core.StandardService   : Starting service [Tomcat]
2025-10-27T12:21:08.063+09:00  INFO 7392 --- [ex25-branch] [restartedMain] o.apache.catalina.core.StandardEngine    : Starting Servlet engine: [Apache Tomcat/10.1.46]
2025-10-27T12:21:08.074+09:00  INFO 7392 --- [ex25-branch] [restartedMain] o.a.c.c.C.[Tomcat].[localhost].[/]       : Initializing Spring embedded WebApplicationContext
2025-10-27T12:21:08.074+09:00  INFO 7392 --- [ex25-branch] [restartedMain] w.s.c.ServletWebServerApplicationContext : Root WebApplicationContext: initialization completed in 132 ms
2025-10-27T12:21:08.156+09:00  INFO 7392 --- [ex25-branch] [restartedMain] o.s.b.d.a.OptionalLiveReloadServer       : LiveReload server is running on port 35729
2025-10-27T12:21:08.162+09:00  INFO 7392 --- [ex25-branch] [restartedMain] o.s.b.w.embedded.tomcat.TomcatWebServer  : Tomcat started on port 8082 (http) with context path '/'
2025-10-27T12:21:08.164+09:00  INFO 7392 --- [ex25-branch] [restartedMain] c.e.ex25_branch.Ex25BranchApplication    : Started Ex25BranchApplication in 0.238 seconds (process running for 1251.715)
2025-10-27T12:21:08.164+09:00  INFO 7392 --- [ex25-branch] [restartedMain] .ConditionEvaluationDeltaLoggingListener : Condition evaluation unchanged
2025-10-27T12:21:13.024+09:00  INFO 7392 --- [ex25-branch] [File Watcher] rtingClassPathChangeChangedEventListener : Restarting due to 1 class path change (0 additions, 0 deletions, 1 modification)
2025-10-27T12:21:13.024+09:00  INFO 7392 --- [ex25-branch] [Thread-15] o.s.b.w.e.tomcat.GracefulShutdown        : Commencing graceful shutdown. Waiting for active requests to complete
2025-10-27T12:21:13.026+09:00  INFO 7392 --- [ex25-branch] [tomcat-shutdown] o.s.b.w.e.tomcat.GracefulShutdown        : Graceful shutdown complete
2025-10-27T12:21:13.093+09:00  INFO 7392 --- [ex25-branch] [restartedMain] c.e.ex25_branch.Ex25BranchApplication    : Starting Ex25BranchApplication using Java 21.0.8 with PID 7392 (D:\s09_springBoot\day11_1027\ex25-branch\bin\main started by YONSAI in D:\s09_springBoot\day11_1027\ex25-branch)
2025-10-27T12:21:13.093+09:00  INFO 7392 --- [ex25-branch] [restartedMain] c.e.ex25_branch.Ex25BranchApplication    : No active profile set, falling back to 1 default profile: "default"
2025-10-27T12:21:13.199+09:00  INFO 7392 --- [ex25-branch] [restartedMain] o.s.b.w.embedded.tomcat.TomcatWebServer  : Tomcat initialized with port 8082 (http)
2025-10-27T12:21:13.200+09:00  INFO 7392 --- [ex25-branch] [restartedMain] o.apache.catalina.core.StandardService   : Starting service [Tomcat]
2025-10-27T12:21:13.200+09:00  INFO 7392 --- [ex25-branch] [restartedMain] o.apache.catalina.core.StandardEngine    : Starting Servlet engine: [Apache Tomcat/10.1.46]
2025-10-27T12:21:13.208+09:00  INFO 7392 --- [ex25-branch] [restartedMain] o.a.c.c.C.[Tomcat].[localhost].[/]       : Initializing Spring embedded WebApplicationContext
2025-10-27T12:21:13.208+09:00  INFO 7392 --- [ex25-branch] [restartedMain] w.s.c.ServletWebServerApplicationContext : Root WebApplicationContext: initialization completed in 114 ms
2025-10-27T12:21:13.270+09:00  INFO 7392 --- [ex25-branch] [restartedMain] o.s.b.d.a.OptionalLiveReloadServer       : LiveReload server is running on port 35729
2025-10-27T12:21:13.276+09:00  INFO 7392 --- [ex25-branch] [restartedMain] o.s.b.w.embedded.tomcat.TomcatWebServer  : Tomcat started on port 8082 (http) with context path '/'
2025-10-27T12:21:13.278+09:00  INFO 7392 --- [ex25-branch] [restartedMain] c.e.ex25_branch.Ex25BranchApplication    : Started Ex25BranchApplication in 0.198 seconds (process running for 1256.829)
2025-10-27T12:21:13.278+09:00  INFO 7392 --- [ex25-branch] [restartedMain] .ConditionEvaluationDeltaLoggingListener : Condition evaluation unchanged
2025-10-27T12:21:43.169+09:00  INFO 7392 --- [ex25-branch] [File Watcher] rtingClassPathChangeChangedEventListener : Restarting due to 1 class path change (0 additions, 0 deletions, 1 modification)
2025-10-27T12:21:43.170+09:00  INFO 7392 --- [ex25-branch] [Thread-19] o.s.b.w.e.tomcat.GracefulShutdown        : Commencing graceful shutdown. Waiting for active requests to complete
2025-10-27T12:21:43.172+09:00  INFO 7392 --- [ex25-branch] [tomcat-shutdown] o.s.b.w.e.tomcat.GracefulShutdown        : Graceful shutdown complete
2025-10-27T12:21:43.233+09:00  INFO 7392 --- [ex25-branch] [restartedMain] c.e.ex25_branch.Ex25BranchApplication    : Starting Ex25BranchApplication using Java 21.0.8 with PID 7392 (D:\s09_springBoot\day11_1027\ex25-branch\bin\main started by YONSAI in D:\s09_springBoot\day11_1027\ex25-branch)
2025-10-27T12:21:43.233+09:00  INFO 7392 --- [ex25-branch] [restartedMain] c.e.ex25_branch.Ex25BranchApplication    : No active profile set, falling back to 1 default profile: "default"
2025-10-27T12:21:43.346+09:00  INFO 7392 --- [ex25-branch] [restartedMain] o.s.b.w.embedded.tomcat.TomcatWebServer  : Tomcat initialized with port 8082 (http)
2025-10-27T12:21:43.346+09:00  INFO 7392 --- [ex25-branch] [restartedMain] o.apache.catalina.core.StandardService   : Starting service [Tomcat]
2025-10-27T12:21:43.346+09:00  INFO 7392 --- [ex25-branch] [restartedMain] o.apache.catalina.core.StandardEngine    : Starting Servlet engine: [Apache Tomcat/10.1.46]
2025-10-27T12:21:43.354+09:00  INFO 7392 --- [ex25-branch] [restartedMain] o.a.c.c.C.[Tomcat].[localhost].[/]       : Initializing Spring embedded WebApplicationContext
2025-10-27T12:21:43.355+09:00  INFO 7392 --- [ex25-branch] [restartedMain] w.s.c.ServletWebServerApplicationContext : Root WebApplicationContext: initialization completed in 121 ms
2025-10-27T12:21:43.415+09:00  INFO 7392 --- [ex25-branch] [restartedMain] o.s.b.d.a.OptionalLiveReloadServer       : LiveReload server is running on port 35729
2025-10-27T12:21:43.420+09:00  INFO 7392 --- [ex25-branch] [restartedMain] o.s.b.w.embedded.tomcat.TomcatWebServer  : Tomcat started on port 8082 (http) with context path '/'
2025-10-27T12:21:43.422+09:00  INFO 7392 --- [ex25-branch] [restartedMain] c.e.ex25_branch.Ex25BranchApplication    : Started Ex25BranchApplication in 0.201 seconds (process running for 1286.972)
2025-10-27T12:21:43.422+09:00  INFO 7392 --- [ex25-branch] [restartedMain] .ConditionEvaluationDeltaLoggingListener : Condition evaluation unchanged
2025-10-27T14:09:19.003+09:00  INFO 7392 --- [ex25-branch] [File Watcher] rtingClassPathChangeChangedEventListener : Restarting due to 1 class path change (0 additions, 0 deletions, 1 modification)
2025-10-27T14:09:19.003+09:00  INFO 7392 --- [ex25-branch] [Thread-23] o.s.b.w.e.tomcat.GracefulShutdown        : Commencing graceful shutdown. Waiting for active requests to complete
2025-10-27T14:09:19.006+09:00  INFO 7392 --- [ex25-branch] [tomcat-shutdown] o.s.b.w.e.tomcat.GracefulShutdown        : Graceful shutdown complete
2025-10-27T14:09:19.068+09:00  INFO 7392 --- [ex25-branch] [restartedMain] c.e.ex25_branch.Ex25BranchApplication    : Starting Ex25BranchApplication using Java 21.0.8 with PID 7392 (D:\s09_springBoot\day11_1027\ex25-branch\bin\main started by YONSAI in D:\s09_springBoot\day11_1027\ex25-branch)
2025-10-27T14:09:19.068+09:00  INFO 7392 --- [ex25-branch] [restartedMain] c.e.ex25_branch.Ex25BranchApplication    : No active profile set, falling back to 1 default profile: "default"
2025-10-27T14:09:19.184+09:00  INFO 7392 --- [ex25-branch] [restartedMain] o.s.b.w.embedded.tomcat.TomcatWebServer  : Tomcat initialized with port 8082 (http)
2025-10-27T14:09:19.185+09:00  INFO 7392 --- [ex25-branch] [restartedMain] o.apache.catalina.core.StandardService   : Starting service [Tomcat]
2025-10-27T14:09:19.185+09:00  INFO 7392 --- [ex25-branch] [restartedMain] o.apache.catalina.core.StandardEngine    : Starting Servlet engine: [Apache Tomcat/10.1.46]
2025-10-27T14:09:19.193+09:00  INFO 7392 --- [ex25-branch] [restartedMain] o.a.c.c.C.[Tomcat].[localhost].[/]       : Initializing Spring embedded WebApplicationContext
2025-10-27T14:09:19.193+09:00  INFO 7392 --- [ex25-branch] [restartedMain] w.s.c.ServletWebServerApplicationContext : Root WebApplicationContext: initialization completed in 124 ms
2025-10-27T14:09:19.273+09:00  INFO 7392 --- [ex25-branch] [restartedMain] o.s.b.d.a.OptionalLiveReloadServer       : LiveReload server is running on port 35729
2025-10-27T14:09:19.279+09:00  INFO 7392 --- [ex25-branch] [restartedMain] o.s.b.w.embedded.tomcat.TomcatWebServer  : Tomcat started on port 8082 (http) with context path '/'
2025-10-27T14:09:19.280+09:00  INFO 7392 --- [ex25-branch] [restartedMain] c.e.ex25_branch.Ex25BranchApplication    : Started Ex25BranchApplication in 0.226 seconds (process running for 7742.831)
2025-10-27T14:09:19.281+09:00  INFO 7392 --- [ex25-branch] [restartedMain] .ConditionEvaluationDeltaLoggingListener : Condition evaluation unchanged
2025-10-27T14:09:48.587+09:00  INFO 7392 --- [ex25-branch] [File Watcher] rtingClassPathChangeChangedEventListener : Restarting due to 1 class path change (0 additions, 0 deletions, 1 modification)
2025-10-27T14:09:48.587+09:00  INFO 7392 --- [ex25-branch] [Thread-27] o.s.b.w.e.tomcat.GracefulShutdown        : Commencing graceful shutdown. Waiting for active requests to complete
2025-10-27T14:09:48.589+09:00  INFO 7392 --- [ex25-branch] [tomcat-shutdown] o.s.b.w.e.tomcat.GracefulShutdown        : Graceful shutdown complete
2025-10-27T14:09:48.651+09:00  INFO 7392 --- [ex25-branch] [restartedMain] c.e.ex25_branch.Ex25BranchApplication    : Starting Ex25BranchApplication using Java 21.0.8 with PID 7392 (D:\s09_springBoot\day11_1027\ex25-branch\bin\main started by YONSAI in D:\s09_springBoot\day11_1027\ex25-branch)
2025-10-27T14:09:48.651+09:00  INFO 7392 --- [ex25-branch] [restartedMain] c.e.ex25_branch.Ex25BranchApplication    : No active profile set, falling back to 1 default profile: "default"
2025-10-27T14:09:48.752+09:00  INFO 7392 --- [ex25-branch] [restartedMain] o.s.b.w.embedded.tomcat.TomcatWebServer  : Tomcat initialized with port 8082 (http)
2025-10-27T14:09:48.753+09:00  INFO 7392 --- [ex25-branch] [restartedMain] o.apache.catalina.core.StandardService   : Starting service [Tomcat]
2025-10-27T14:09:48.753+09:00  INFO 7392 --- [ex25-branch] [restartedMain] o.apache.catalina.core.StandardEngine    : Starting Servlet engine: [Apache Tomcat/10.1.46]
2025-10-27T14:09:48.761+09:00  INFO 7392 --- [ex25-branch] [restartedMain] o.a.c.c.C.[Tomcat].[localhost].[/]       : Initializing Spring embedded WebApplicationContext
2025-10-27T14:09:48.761+09:00  INFO 7392 --- [ex25-branch] [restartedMain] w.s.c.ServletWebServerApplicationContext : Root WebApplicationContext: initialization completed in 109 ms
2025-10-27T14:09:48.822+09:00  INFO 7392 --- [ex25-branch] [restartedMain] o.s.b.d.a.OptionalLiveReloadServer       : LiveReload server is running on port 35729
2025-10-27T14:09:48.827+09:00  INFO 7392 --- [ex25-branch] [restartedMain] o.s.b.w.embedded.tomcat.TomcatWebServer  : Tomcat started on port 8082 (http) with context path '/'
2025-10-27T14:09:48.829+09:00  INFO 7392 --- [ex25-branch] [restartedMain] c.e.ex25_branch.Ex25BranchApplication    : Started Ex25BranchApplication in 0.189 seconds (process running for 7772.38)
2025-10-27T14:09:48.829+09:00  INFO 7392 --- [ex25-branch] [restartedMain] .ConditionEvaluationDeltaLoggingListener : Condition evaluation unchanged
2025-10-27T14:30:33.177+09:00  INFO 7392 --- [ex25-branch] [restartedMain] c.e.ex25_branch.Ex25BranchApplication    : Starting Ex25BranchApplication using Java 21.0.8 with PID 7392 (D:\s09_springBoot\day11_1027\ex25-branch\bin\main started by YONSAI in D:\s09_springBoot\day11_1027\ex25-branch)
2025-10-27T14:30:33.177+09:00  INFO 7392 --- [ex25-branch] [restartedMain] c.e.ex25_branch.Ex25BranchApplication    : No active profile set, falling back to 1 default profile: "default"
2025-10-27T14:30:33.286+09:00  INFO 7392 --- [ex25-branch] [restartedMain] o.s.b.w.embedded.tomcat.TomcatWebServer  : Tomcat initialized with port 8082 (http)
2025-10-27T14:30:33.287+09:00  INFO 7392 --- [ex25-branch] [restartedMain] o.apache.catalina.core.StandardService   : Starting service [Tomcat]
2025-10-27T14:30:33.287+09:00  INFO 7392 --- [ex25-branch] [restartedMain] o.apache.catalina.core.StandardEngine    : Starting Servlet engine: [Apache Tomcat/10.1.46]
2025-10-27T14:30:33.295+09:00  INFO 7392 --- [ex25-branch] [restartedMain] o.a.c.c.C.[Tomcat-1].[localhost].[/]     : Initializing Spring embedded WebApplicationContext
2025-10-27T14:30:33.295+09:00  INFO 7392 --- [ex25-branch] [restartedMain] w.s.c.ServletWebServerApplicationContext : Root WebApplicationContext: initialization completed in 117 ms
2025-10-27T14:30:33.363+09:00  INFO 7392 --- [ex25-branch] [restartedMain] o.s.b.d.a.OptionalLiveReloadServer       : LiveReload server is running on port 35729
2025-10-27T14:30:33.369+09:00  INFO 7392 --- [ex25-branch] [restartedMain] o.s.b.w.embedded.tomcat.TomcatWebServer  : Tomcat started on port 8082 (http) with context path '/'
2025-10-27T14:30:33.372+09:00  INFO 7392 --- [ex25-branch] [restartedMain] c.e.ex25_branch.Ex25BranchApplication    : Started Ex25BranchApplication in 0.206 seconds (process running for 9016.924)
2025-10-27T14:30:33.373+09:00  INFO 7392 --- [ex25-branch] [restartedMain] .ConditionEvaluationDeltaLoggingListener : Condition evaluation unchanged
2025-10-27T14:32:55.162+09:00  INFO 7392 --- [ex25-branch] [File Watcher] rtingClassPathChangeChangedEventListener : Restarting due to 1 class path change (0 additions, 0 deletions, 1 modification)
2025-10-27T14:32:55.162+09:00  INFO 7392 --- [ex25-branch] [Thread-35] o.s.b.w.e.tomcat.GracefulShutdown        : Commencing graceful shutdown. Waiting for active requests to complete
2025-10-27T14:32:55.164+09:00  INFO 7392 --- [ex25-branch] [tomcat-shutdown] o.s.b.w.e.tomcat.GracefulShutdown        : Graceful shutdown complete
2025-10-27T14:32:55.225+09:00  INFO 7392 --- [ex25-branch] [restartedMain] c.e.ex25_branch.Ex25BranchApplication    : Starting Ex25BranchApplication using Java 21.0.8 with PID 7392 (D:\s09_springBoot\day11_1027\ex25-branch\bin\main started by YONSAI in D:\s09_springBoot\day11_1027\ex25-branch)
2025-10-27T14:32:55.225+09:00  INFO 7392 --- [ex25-branch] [restartedMain] c.e.ex25_branch.Ex25BranchApplication    : No active profile set, falling back to 1 default profile: "default"
2025-10-27T14:32:55.330+09:00  INFO 7392 --- [ex25-branch] [restartedMain] o.s.b.w.embedded.tomcat.TomcatWebServer  : Tomcat initialized with port 8082 (http)
2025-10-27T14:32:55.330+09:00  INFO 7392 --- [ex25-branch] [restartedMain] o.apache.catalina.core.StandardService   : Starting service [Tomcat]
2025-10-27T14:32:55.330+09:00  INFO 7392 --- [ex25-branch] [restartedMain] o.apache.catalina.core.StandardEngine    : Starting Servlet engine: [Apache Tomcat/10.1.46]
2025-10-27T14:32:55.338+09:00  INFO 7392 --- [ex25-branch] [restartedMain] o.a.c.c.C.[Tomcat-1].[localhost].[/]     : Initializing Spring embedded WebApplicationContext
2025-10-27T14:32:55.338+09:00  INFO 7392 --- [ex25-branch] [restartedMain] w.s.c.ServletWebServerApplicationContext : Root WebApplicationContext: initialization completed in 112 ms
2025-10-27T14:32:55.398+09:00  INFO 7392 --- [ex25-branch] [restartedMain] o.s.b.d.a.OptionalLiveReloadServer       : LiveReload server is running on port 35729
2025-10-27T14:32:55.404+09:00  INFO 7392 --- [ex25-branch] [restartedMain] o.s.b.w.embedded.tomcat.TomcatWebServer  : Tomcat started on port 8082 (http) with context path '/'
2025-10-27T14:32:55.405+09:00  INFO 7392 --- [ex25-branch] [restartedMain] c.e.ex25_branch.Ex25BranchApplication    : Started Ex25BranchApplication in 0.191 seconds (process running for 9158.956)
2025-10-27T14:32:55.406+09:00  INFO 7392 --- [ex25-branch] [restartedMain] .ConditionEvaluationDeltaLoggingListener : Condition evaluation unchanged
2025-10-27T14:32:56.808+09:00  INFO 7392 --- [ex25-branch] [File Watcher] rtingClassPathChangeChangedEventListener : Restarting due to 1 class path change (0 additions, 0 deletions, 1 modification)
2025-10-27T14:32:56.808+09:00  INFO 7392 --- [ex25-branch] [Thread-42] o.s.b.w.e.tomcat.GracefulShutdown        : Commencing graceful shutdown. Waiting for active requests to complete
2025-10-27T14:32:56.810+09:00  INFO 7392 --- [ex25-branch] [tomcat-shutdown] o.s.b.w.e.tomcat.GracefulShutdown        : Graceful shutdown complete
2025-10-27T14:32:56.869+09:00  INFO 7392 --- [ex25-branch] [restartedMain] c.e.ex25_branch.Ex25BranchApplication    : Starting Ex25BranchApplication using Java 21.0.8 with PID 7392 (D:\s09_springBoot\day11_1027\ex25-branch\bin\main started by YONSAI in D:\s09_springBoot\day11_1027\ex25-branch)
2025-10-27T14:32:56.870+09:00  INFO 7392 --- [ex25-branch] [restartedMain] c.e.ex25_branch.Ex25BranchApplication    : No active profile set, falling back to 1 default profile: "default"
2025-10-27T14:32:56.969+09:00  INFO 7392 --- [ex25-branch] [restartedMain] o.s.b.w.embedded.tomcat.TomcatWebServer  : Tomcat initialized with port 8082 (http)
2025-10-27T14:32:56.969+09:00  INFO 7392 --- [ex25-branch] [restartedMain] o.apache.catalina.core.StandardService   : Starting service [Tomcat]
2025-10-27T14:32:56.969+09:00  INFO 7392 --- [ex25-branch] [restartedMain] o.apache.catalina.core.StandardEngine    : Starting Servlet engine: [Apache Tomcat/10.1.46]
2025-10-27T14:32:56.977+09:00  INFO 7392 --- [ex25-branch] [restartedMain] o.a.c.c.C.[Tomcat-1].[localhost].[/]     : Initializing Spring embedded WebApplicationContext
2025-10-27T14:32:56.977+09:00  INFO 7392 --- [ex25-branch] [restartedMain] w.s.c.ServletWebServerApplicationContext : Root WebApplicationContext: initialization completed in 107 ms
2025-10-27T14:32:57.035+09:00  INFO 7392 --- [ex25-branch] [restartedMain] o.s.b.d.a.OptionalLiveReloadServer       : LiveReload server is running on port 35729
2025-10-27T14:32:57.040+09:00  INFO 7392 --- [ex25-branch] [restartedMain] o.s.b.w.embedded.tomcat.TomcatWebServer  : Tomcat started on port 8082 (http) with context path '/'
2025-10-27T14:32:57.042+09:00  INFO 7392 --- [ex25-branch] [restartedMain] c.e.ex25_branch.Ex25BranchApplication    : Started Ex25BranchApplication in 0.184 seconds (process running for 9160.593)
2025-10-27T14:32:57.042+09:00  INFO 7392 --- [ex25-branch] [restartedMain] .ConditionEvaluationDeltaLoggingListener : Condition evaluation unchanged
